// Vitest Snapshot v1, https://vitest.dev/guide/snapshot.html

exports[`add user 1`] = `
"<div class="container mx-auto max-w-prose p-2 min-h-screen flex flex-col gap-4 items-center justify-center">
  <h1 class="text-5xl tracking-widest">TODOS</h1>
  <div class="w-full flex flex-col gap-4">
    <h2 class="text-2xl tracking-wider">Users</h2>
    <div class="flex flex-col gap-2"></div>
    <div class="flex flex-col gap-1"><label for="name" class="text-lg tracking-wider">Add User</label>
      <div class="grid grid-cols-[1fr_auto] gap-2"><input type="text" id="name" name="name" class="border border-gray-300 rounded p-2 text-xl tracking-wider bg-gray-100 text-gray-800 focus:outline-none focus:ring-2 focus:ring-blue-500 focus:border-transparent"><button id="add-user-btn" class="bg-blue-500 text-blue-50 p-2 rounded-full hover:brightness-110 hover:shadow-lg focus:brightness-110 focus:shadow-lg transition-all duration-200"><i class="i-mdi:plus h-8 w-8"></i></button></div>
    </div>
    <h2 class="text-2xl tracking-wider">Todos</h2>
    <div class="flex flex-col gap-2"></div>
    <div class="flex flex-col gap-1"><label for="title" class="text-lg tracking-wider">Add Todo</label>
      <div class="grid grid-cols-[1fr_auto] gap-2"><input type="text" id="title" name="title" class="border border-gray-300 rounded p-2 text-xl tracking-wider bg-gray-100 text-gray-800 focus:outline-none focus:ring-2 focus:ring-blue-500 focus:border-transparent"><button class="bg-blue-500 text-blue-50 p-2 rounded-full hover:brightness-110 hover:shadow-lg focus:brightness-110 focus:shadow-lg transition-all duration-200"><i class="i-mdi:plus h-8 w-8"></i></button></div>
    </div>
  </div>
</div>"
`;

exports[`add user by pressing enter key 1`] = `
"<div class="container mx-auto max-w-prose p-2 min-h-screen flex flex-col gap-4 items-center justify-center">
  <h1 class="text-5xl tracking-widest">TODOS</h1>
  <div class="w-full flex flex-col gap-4">
    <h2 class="text-2xl tracking-wider">Users</h2>
    <div class="flex flex-col gap-2"></div>
    <div class="flex flex-col gap-1"><label for="name" class="text-lg tracking-wider">Add User</label>
      <div class="grid grid-cols-[1fr_auto] gap-2"><input type="text" id="name" name="name" class="border border-gray-300 rounded p-2 text-xl tracking-wider bg-gray-100 text-gray-800 focus:outline-none focus:ring-2 focus:ring-blue-500 focus:border-transparent"><button id="add-user-btn" class="bg-blue-500 text-blue-50 p-2 rounded-full hover:brightness-110 hover:shadow-lg focus:brightness-110 focus:shadow-lg transition-all duration-200"><i class="i-mdi:plus h-8 w-8"></i></button></div>
    </div>
    <h2 class="text-2xl tracking-wider">Todos</h2>
    <div class="flex flex-col gap-2"></div>
    <div class="flex flex-col gap-1"><label for="title" class="text-lg tracking-wider">Add Todo</label>
      <div class="grid grid-cols-[1fr_auto] gap-2"><input type="text" id="title" name="title" class="border border-gray-300 rounded p-2 text-xl tracking-wider bg-gray-100 text-gray-800 focus:outline-none focus:ring-2 focus:ring-blue-500 focus:border-transparent"><button class="bg-blue-500 text-blue-50 p-2 rounded-full hover:brightness-110 hover:shadow-lg focus:brightness-110 focus:shadow-lg transition-all duration-200"><i class="i-mdi:plus h-8 w-8"></i></button></div>
    </div>
  </div>
</div>"
`;

exports[`delete user 1`] = `
"<div class="container mx-auto max-w-prose p-2 min-h-screen flex flex-col gap-4 items-center justify-center">
  <h1 class="text-5xl tracking-widest">TODOS</h1>
  <div class="w-full flex flex-col gap-4">
    <h2 class="text-2xl tracking-wider">Users</h2>
    <div class="flex flex-col gap-2"></div>
    <div class="flex flex-col gap-1"><label for="name" class="text-lg tracking-wider">Add User</label>
      <div class="grid grid-cols-[1fr_auto] gap-2"><input type="text" id="name" name="name" class="border border-gray-300 rounded p-2 text-xl tracking-wider bg-gray-100 text-gray-800 focus:outline-none focus:ring-2 focus:ring-blue-500 focus:border-transparent"><button id="add-user-btn" class="bg-blue-500 text-blue-50 p-2 rounded-full hover:brightness-110 hover:shadow-lg focus:brightness-110 focus:shadow-lg transition-all duration-200"><i class="i-mdi:plus h-8 w-8"></i></button></div>
    </div>
    <h2 class="text-2xl tracking-wider">Todos</h2>
    <div class="flex flex-col gap-2"></div>
    <div class="flex flex-col gap-1"><label for="title" class="text-lg tracking-wider">Add Todo</label>
      <div class="grid grid-cols-[1fr_auto] gap-2"><input type="text" id="title" name="title" class="border border-gray-300 rounded p-2 text-xl tracking-wider bg-gray-100 text-gray-800 focus:outline-none focus:ring-2 focus:ring-blue-500 focus:border-transparent"><button class="bg-blue-500 text-blue-50 p-2 rounded-full hover:brightness-110 hover:shadow-lg focus:brightness-110 focus:shadow-lg transition-all duration-200"><i class="i-mdi:plus h-8 w-8"></i></button></div>
    </div>
  </div>
</div>"
`;

exports[`fetch users 1`] = `
"<div class="container mx-auto max-w-prose p-2 min-h-screen flex flex-col gap-4 items-center justify-center">
  <h1 class="text-5xl tracking-widest">TODOS</h1>
  <div class="w-full flex flex-col gap-4">
    <h2 class="text-2xl tracking-wider">Users</h2>
    <div class="flex flex-col gap-2"></div>
    <div class="flex flex-col gap-1"><label for="name" class="text-lg tracking-wider">Add User</label>
      <div class="grid grid-cols-[1fr_auto] gap-2"><input type="text" id="name" name="name" class="border border-gray-300 rounded p-2 text-xl tracking-wider bg-gray-100 text-gray-800 focus:outline-none focus:ring-2 focus:ring-blue-500 focus:border-transparent"><button id="add-user-btn" class="bg-blue-500 text-blue-50 p-2 rounded-full hover:brightness-110 hover:shadow-lg focus:brightness-110 focus:shadow-lg transition-all duration-200"><i class="i-mdi:plus h-8 w-8"></i></button></div>
    </div>
    <h2 class="text-2xl tracking-wider">Todos</h2>
    <div class="flex flex-col gap-2"></div>
    <div class="flex flex-col gap-1"><label for="title" class="text-lg tracking-wider">Add Todo</label>
      <div class="grid grid-cols-[1fr_auto] gap-2"><input type="text" id="title" name="title" class="border border-gray-300 rounded p-2 text-xl tracking-wider bg-gray-100 text-gray-800 focus:outline-none focus:ring-2 focus:ring-blue-500 focus:border-transparent"><button class="bg-blue-500 text-blue-50 p-2 rounded-full hover:brightness-110 hover:shadow-lg focus:brightness-110 focus:shadow-lg transition-all duration-200"><i class="i-mdi:plus h-8 w-8"></i></button></div>
    </div>
  </div>
</div>"
`;

exports[`mount App 1`] = `
"<div class="container mx-auto max-w-prose p-2 min-h-screen flex flex-col gap-4 items-center justify-center">
  <h1 class="text-5xl tracking-widest">TODOS</h1>
  <div class="w-full flex flex-col gap-4">
    <h2 class="text-2xl tracking-wider">Users</h2>
    <div class="flex flex-col gap-2"></div>
    <div class="flex flex-col gap-1"><label for="name" class="text-lg tracking-wider">Add User</label>
      <div class="grid grid-cols-[1fr_auto] gap-2"><input type="text" id="name" name="name" class="border border-gray-300 rounded p-2 text-xl tracking-wider bg-gray-100 text-gray-800 focus:outline-none focus:ring-2 focus:ring-blue-500 focus:border-transparent"><button id="add-user-btn" class="bg-blue-500 text-blue-50 p-2 rounded-full hover:brightness-110 hover:shadow-lg focus:brightness-110 focus:shadow-lg transition-all duration-200"><i class="i-mdi:plus h-8 w-8"></i></button></div>
    </div>
    <h2 class="text-2xl tracking-wider">Todos</h2>
    <div class="flex flex-col gap-2"></div>
    <div class="flex flex-col gap-1"><label for="title" class="text-lg tracking-wider">Add Todo</label>
      <div class="grid grid-cols-[1fr_auto] gap-2"><input type="text" id="title" name="title" class="border border-gray-300 rounded p-2 text-xl tracking-wider bg-gray-100 text-gray-800 focus:outline-none focus:ring-2 focus:ring-blue-500 focus:border-transparent"><button class="bg-blue-500 text-blue-50 p-2 rounded-full hover:brightness-110 hover:shadow-lg focus:brightness-110 focus:shadow-lg transition-all duration-200"><i class="i-mdi:plus h-8 w-8"></i></button></div>
    </div>
  </div>
</div>"
`;

exports[`select user 1`] = `
"<div class="container mx-auto max-w-prose p-2 min-h-screen flex flex-col gap-4 items-center justify-center">
  <h1 class="text-5xl tracking-widest">TODOS</h1>
  <div class="w-full flex flex-col gap-4">
    <h2 class="text-2xl tracking-wider">Users</h2>
    <div class="flex flex-col gap-2"></div>
    <div class="flex flex-col gap-1"><label for="name" class="text-lg tracking-wider">Add User</label>
      <div class="grid grid-cols-[1fr_auto] gap-2"><input type="text" id="name" name="name" class="border border-gray-300 rounded p-2 text-xl tracking-wider bg-gray-100 text-gray-800 focus:outline-none focus:ring-2 focus:ring-blue-500 focus:border-transparent"><button id="add-user-btn" class="bg-blue-500 text-blue-50 p-2 rounded-full hover:brightness-110 hover:shadow-lg focus:brightness-110 focus:shadow-lg transition-all duration-200"><i class="i-mdi:plus h-8 w-8"></i></button></div>
    </div>
    <h2 class="text-2xl tracking-wider">Todos</h2>
    <div class="flex flex-col gap-2"></div>
    <div class="flex flex-col gap-1"><label for="title" class="text-lg tracking-wider">Add Todo</label>
      <div class="grid grid-cols-[1fr_auto] gap-2"><input type="text" id="title" name="title" class="border border-gray-300 rounded p-2 text-xl tracking-wider bg-gray-100 text-gray-800 focus:outline-none focus:ring-2 focus:ring-blue-500 focus:border-transparent"><button class="bg-blue-500 text-blue-50 p-2 rounded-full hover:brightness-110 hover:shadow-lg focus:brightness-110 focus:shadow-lg transition-all duration-200"><i class="i-mdi:plus h-8 w-8"></i></button></div>
    </div>
  </div>
</div>"
`;
